{
  "contextParameters": {
    "userprofile": {
      "avatar": null,
      "birthdate": null,
      "gender": false,
      "locale": null,
      "phonenumber": null
    }
  },
  "entity-type": "user",
  "extendedGroups": [],
  "isAdministrator": false,
  "isAnonymous": false,
  "properties": {
    "company": "Nuxeo",
    "email": "devnull@nuxeo.com",
    "firstName": "Jack",
    "groups": [],
    "lastName": "Doe",
    "tenantId": null,
    "username": "jack"
  }
}
