{
  "entity-type": "user",
  "extendedGroups": [],
  "isAdministrator": false,
  "isAnonymous": false,
  "properties": {
    "company": "Nuxeo",
    "email": "devnull@nuxeo.com",
    "firstName": "Joe",
    "groups": [],
    "lastName": "DiMaggio",
    "tenantId": null,
    "username": "joe"
  }
}
