{
  "currentPageIndex": 0,
  "currentPageOffset": 0,
  "currentPageSize": 2,
  "entity-type": "users",
  "entries": [
    {
      "entity-type": "user",
      "extendedGroups": [
        {
          "label": "Administrators group",
          "name": "administrators",
          "url": "group/administrators"
        }
      ],
      "isAdministrator": true,
      "isAnonymous": false,
      "properties": {
        "company": "",
        "email": "devnull@nuxeo.com",
        "firstName": "",
        "groups": ["administrators"],
        "lastName": "",
        "tenantId": null,
        "username": "Administrator"
      }
    },
    {
      "entity-type": "user",
      "extendedGroups": [],
      "isAdministrator": false,
      "isAnonymous": false,
      "properties": {
        "company": "Nuxeo",
        "email": "devnull@nuxeo.com",
        "firstName": "Joe",
        "groups": [],
        "lastName": "DiMaggio",
        "tenantId": null,
        "username": "joe"
      }
    }
  ],
  "errorMessage": null,
  "hasError": false,
  "isLastPageAvailable": false,
  "isNextPageAvailable": false,
  "isPaginable": true,
  "isPreviousPageAvailable": false,
  "isSortable": false,
  "maxPageSize": 1000,
  "numberOfPages": 1,
  "pageCount": 1,
  "pageIndex": 0,
  "pageSize": 50,
  "resultsCount": 2,
  "resultsCountLimit": 0
}
